src/module/product/product.service.ts(562,13): error TS2322: Type '(discount_event_products: { eventId: PgColumn<{ name: "event_id"; tableName: "discount_event_products"; dataType: "string"; columnType: "PgUUID"; data: string; driverParam: string; notNull: true; hasDefault: false; isPrimaryKey: false; isAutoincrement: false; hasRuntimeDefault: false; enumValues: undefined; baseColumn: never; identity: undefined; generated: undefined; }, {}, {}>; productId: PgColumn<{ name: "product_id"; tableName: "discount_event_products"; dataType: "string"; columnType: "PgUUID"; data: string; driverParam: string; notNull: true; hasDefault: false; isPrimaryKey: false; isAutoincrement: false; hasRuntimeDefault: false; enumValues: undefined; baseColumn: never; identity: undefined; generated: undefined; }, {}, {}>; discountPercentage: PgColumn<{ name: "discount_percentage"; tableName: "discount_event_products"; dataType: "number"; columnType: "PgInteger"; data: number; driverParam: string | number; notNull: true; hasDefault: true; isPrimaryKey: false; isAutoincrement: false; hasRuntimeDefault: false; enumValues: undefined; baseColumn: never; identity: undefined; generated: undefined; }, {}, {}>; stock: PgColumn<{ name: "stock"; tableName: "discount_event_products"; dataType: "number"; columnType: "PgInteger"; data: number; driverParam: string | number; notNull: true; hasDefault: true; isPrimaryKey: false; isAutoincrement: false; hasRuntimeDefault: false; enumValues: undefined; baseColumn: never; identity: undefined; generated: undefined; }, {}, {}>; createdAt: PgColumn<{ name: "created_at"; tableName: "discount_event_products"; dataType: "date"; columnType: "PgTimestamp"; data: Date; driverParam: string; notNull: true; hasDefault: true; isPrimaryKey: false; isAutoincrement: false; hasRuntimeDefault: false; enumValues: undefined; baseColumn: never; identity: undefined; generated: undefined; }, {}, {}>; updatedAt: PgColumn<{ name: "updated_at"; tableName: "discount_event_products"; dataType: "date"; columnType: "PgTimestamp"; data: Date; driverParam: string; notNull: true; hasDefault: true; isPrimaryKey: false; isAutoincrement: false; hasRuntimeDefault: false; enumValues: undefined; baseColumn: never; identity: undefined; generated: undefined; }, {}, {}>; }, { and, gt }: { and: (...conditions: (SQLWrapper | undefined)[]) => SQL<unknown> | undefined; between: { <T>(column: Aliased<unknown>, min: SQLWrapper | T, max: SQLWrapper | T): SQL<unknown>; <TColumn extends AnyColumn>(column: TColumn, min: SQLWrapper | TColumn["_"]["data"], max: SQLWrapper | TColumn["_"]["data"]): SQL<unknown>; <T extends SQLWrapper>(column: Exclude<T, Column<ColumnBaseConfig<ColumnDataType, string>, object, object> | Aliased<unknown>>, min: unknown, max: unknown): SQL<unknown>; }; eq: BinaryOperator; exists: (subquery: SQLWrapper) => SQL<unknown>; gt: BinaryOperator; gte: BinaryOperator; ilike: (column: SQL<unknown> | Column<ColumnBaseConfig<ColumnDataType, string>, object, object> | Aliased<unknown>, value: string | SQLWrapper) => SQL<unknown>; inArray: { <T>(column: Aliased<T>, values: SQLWrapper | (Placeholder<string, any> | T)[]): SQL<unknown>; <TColumn extends Column>(column: TColumn, values: SQLWrapper | readonly (Placeholder<string, any> | TColumn["_"]["data"])[]): SQL<unknown>; <T extends SQLWrapper>(column: Exclude<T, Column<ColumnBaseConfig<ColumnDataType, string>, object, object> | Aliased<unknown>>, values: SQLWrapper | readonly unknown[]): SQL<unknown>; }; isNull: (value: SQLWrapper) => SQL<unknown>; isNotNull: (value: SQLWrapper) => SQL<unknown>; like: (column: SQL<unknown> | Column<ColumnBaseConfig<ColumnDataType, string>, object, object> | Aliased<unknown>, value: string | SQLWrapper) => SQL<unknown>; lt: BinaryOperator; lte: BinaryOperator; ne: BinaryOperator; not: (condition: SQLWrapper) => SQL<unknown>; notBetween: { <T>(column: Aliased<unknown>, min: SQLWrapper | T, max: SQLWrapper | T): SQL<unknown>; <TColumn extends AnyColumn>(column: TColumn, min: SQLWrapper | TColumn["_"]["data"], max: SQLWrapper | TColumn["_"]["data"]): SQL<unknown>; <T extends SQLWrapper>(column: Exclude<T, Column<ColumnBaseConfig<ColumnDataType, string>, object, object> | Aliased<unknown>>, min: unknown, max: unknown): SQL<unknown>; }; notExists: (subquery: SQLWrapper) => SQL<unknown>; notLike: (column: SQL<unknown> | Column<ColumnBaseConfig<ColumnDataType, string>, object, object> | Aliased<unknown>, value: string | SQLWrapper) => SQL<unknown>; notIlike: (column: SQL<unknown> | Column<ColumnBaseConfig<ColumnDataType, string>, object, object> | Aliased<unknown>, value: string | SQLWrapper) => SQL<unknown>; notInArray: { <T>(column: Aliased<T>, values: SQLWrapper | (Placeholder<string, any> | T)[]): SQL<unknown>; <TColumn extends Column>(column: TColumn, values: SQLWrapper | (Placeholder<string, any> | TColumn["_"]["data"])[]): SQL<unknown>; <T extends SQLWrapper>(column: Exclude<T, Column<ColumnBaseConfig<ColumnDataType, string>, object, object> | Aliased<unknown>>, values: SQLWrapper | unknown[]): SQL<unknown>; }; or: (...conditions: (SQLWrapper | undefined)[]) => SQL<unknown> | undefined; sql: typeof sql; }) => SQL<unknown>' is not assignable to type 'SQL<unknown> | ((fields: { eventId: PgColumn<{ name: "event_id"; tableName: "discount_event_products"; dataType: "string"; columnType: "PgUUID"; data: string; driverParam: string; notNull: true; hasDefault: false; isPrimaryKey: false; isAutoincrement: false; hasRuntimeDefault: false; enumValues: undefined; baseColumn: never; identity: undefined; generated: undefined; }, {}, {}>; productId: PgColumn<{ name: "product_id"; tableName: "discount_event_products"; dataType: "string"; columnType: "PgUUID"; data: string; driverParam: string; notNull: true; hasDefault: false; isPrimaryKey: false; isAutoincrement: false; hasRuntimeDefault: false; enumValues: undefined; baseColumn: never; identity: undefined; generated: undefined; }, {}, {}>; discountPercentage: PgColumn<{ name: "discount_percentage"; tableName: "discount_event_products"; dataType: "number"; columnType: "PgInteger"; data: number; driverParam: string | number; notNull: true; hasDefault: true; isPrimaryKey: false; isAutoincrement: false; hasRuntimeDefault: false; enumValues: undefined; baseColumn: never; identity: undefined; generated: undefined; }, {}, {}>; stock: PgColumn<{ name: "stock"; tableName: "discount_event_products"; dataType: "number"; columnType: "PgInteger"; data: number; driverParam: string | number; notNull: true; hasDefault: true; isPrimaryKey: false; isAutoincrement: false; hasRuntimeDefault: false; enumValues: undefined; baseColumn: never; identity: undefined; generated: undefined; }, {}, {}>; createdAt: PgColumn<{ name: "created_at"; tableName: "discount_event_products"; dataType: "date"; columnType: "PgTimestamp"; data: Date; driverParam: string; notNull: true; hasDefault: true; isPrimaryKey: false; isAutoincrement: false; hasRuntimeDefault: false; enumValues: undefined; baseColumn: never; identity: undefined; generated: undefined; }, {}, {}>; updatedAt: PgColumn<{ name: "updated_at"; tableName: "discount_event_products"; dataType: "date"; columnType: "PgTimestamp"; data: Date; driverParam: string; notNull: true; hasDefault: true; isPrimaryKey: false; isAutoincrement: false; hasRuntimeDefault: false; enumValues: undefined; baseColumn: never; identity: undefined; generated: undefined; }, {}, {}>; }, operators: { and: (...conditions: (SQLWrapper | undefined)[]) => SQL<unknown> | undefined; between: { <T>(column: Aliased<unknown>, min: SQLWrapper | T, max: SQLWrapper | T): SQL<unknown>; <TColumn extends AnyColumn>(column: TColumn, min: SQLWrapper | TColumn["_"]["data"], max: SQLWrapper | TColumn["_"]["data"]): SQL<unknown>; <T extends SQLWrapper>(column: Exclude<T, Column<ColumnBaseConfig<ColumnDataType, string>, object, object> | Aliased<unknown>>, min: unknown, max: unknown): SQL<unknown>; }; eq: BinaryOperator; exists: (subquery: SQLWrapper) => SQL<unknown>; gt: BinaryOperator; gte: BinaryOperator; ilike: (column: SQL<unknown> | Column<ColumnBaseConfig<ColumnDataType, string>, object, object> | Aliased<unknown>, value: string | SQLWrapper) => SQL<unknown>; inArray: { <T>(column: Aliased<T>, values: SQLWrapper | (Placeholder<string, any> | T)[]): SQL<unknown>; <TColumn extends Column>(column: TColumn, values: SQLWrapper | readonly (Placeholder<string, any> | TColumn["_"]["data"])[]): SQL<unknown>; <T extends SQLWrapper>(column: Exclude<T, Column<ColumnBaseConfig<ColumnDataType, string>, object, object> | Aliased<unknown>>, values: SQLWrapper | readonly unknown[]): SQL<unknown>; }; isNull: (value: SQLWrapper) => SQL<unknown>; isNotNull: (value: SQLWrapper) => SQL<unknown>; like: (column: SQL<unknown> | Column<ColumnBaseConfig<ColumnDataType, string>, object, object> | Aliased<unknown>, value: string | SQLWrapper) => SQL<unknown>; lt: BinaryOperator; lte: BinaryOperator; ne: BinaryOperator; not: (condition: SQLWrapper) => SQL<unknown>; notBetween: { <T>(column: Aliased<unknown>, min: SQLWrapper | T, max: SQLWrapper | T): SQL<unknown>; <TColumn extends AnyColumn>(column: TColumn, min: SQLWrapper | TColumn["_"]["data"], max: SQLWrapper | TColumn["_"]["data"]): SQL<unknown>; <T extends SQLWrapper>(column: Exclude<T, Column<ColumnBaseConfig<ColumnDataType, string>, object, object> | Aliased<unknown>>, min: unknown, max: unknown): SQL<unknown>; }; notExists: (subquery: SQLWrapper) => SQL<unknown>; notLike: (column: SQL<unknown> | Column<ColumnBaseConfig<ColumnDataType, string>, object, object> | Aliased<unknown>, value: string | SQLWrapper) => SQL<unknown>; notIlike: (column: SQL<unknown> | Column<ColumnBaseConfig<ColumnDataType, string>, object, object> | Aliased<unknown>, value: string | SQLWrapper) => SQL<unknown>; notInArray: { <T>(column: Aliased<T>, values: SQLWrapper | (Placeholder<string, any> | T)[]): SQL<unknown>; <TColumn extends Column>(column: TColumn, values: SQLWrapper | (Placeholder<string, any> | TColumn["_"]["data"])[]): SQL<unknown>; <T extends SQLWrapper>(column: Exclude<T, Column<ColumnBaseConfig<ColumnDataType, string>, object, object> | Aliased<unknown>>, values: SQLWrapper | unknown[]): SQL<unknown>; }; or: (...conditions: (SQLWrapper | undefined)[]) => SQL<unknown> | undefined; sql: typeof sql; }) => SQL<unknown> | undefined) | undefined'.
  Type '(discount_event_products: { eventId: PgColumn<{ name: "event_id"; tableName: "discount_event_products"; dataType: "string"; columnType: "PgUUID"; data: string; driverParam: string; notNull: true; hasDefault: false; isPrimaryKey: false; isAutoincrement: false; hasRuntimeDefault: false; enumValues: undefined; baseColumn: never; identity: undefined; generated: undefined; }, {}, {}>; productId: PgColumn<{ name: "product_id"; tableName: "discount_event_products"; dataType: "string"; columnType: "PgUUID"; data: string; driverParam: string; notNull: true; hasDefault: false; isPrimaryKey: false; isAutoincrement: false; hasRuntimeDefault: false; enumValues: undefined; baseColumn: never; identity: undefined; generated: undefined; }, {}, {}>; discountPercentage: PgColumn<{ name: "discount_percentage"; tableName: "discount_event_products"; dataType: "number"; columnType: "PgInteger"; data: number; driverParam: string | number; notNull: true; hasDefault: true; isPrimaryKey: false; isAutoincrement: false; hasRuntimeDefault: false; enumValues: undefined; baseColumn: never; identity: undefined; generated: undefined; }, {}, {}>; stock: PgColumn<{ name: "stock"; tableName: "discount_event_products"; dataType: "number"; columnType: "PgInteger"; data: number; driverParam: string | number; notNull: true; hasDefault: true; isPrimaryKey: false; isAutoincrement: false; hasRuntimeDefault: false; enumValues: undefined; baseColumn: never; identity: undefined; generated: undefined; }, {}, {}>; createdAt: PgColumn<{ name: "created_at"; tableName: "discount_event_products"; dataType: "date"; columnType: "PgTimestamp"; data: Date; driverParam: string; notNull: true; hasDefault: true; isPrimaryKey: false; isAutoincrement: false; hasRuntimeDefault: false; enumValues: undefined; baseColumn: never; identity: undefined; generated: undefined; }, {}, {}>; updatedAt: PgColumn<{ name: "updated_at"; tableName: "discount_event_products"; dataType: "date"; columnType: "PgTimestamp"; data: Date; driverParam: string; notNull: true; hasDefault: true; isPrimaryKey: false; isAutoincrement: false; hasRuntimeDefault: false; enumValues: undefined; baseColumn: never; identity: undefined; generated: undefined; }, {}, {}>; }, { and, gt }: { and: (...conditions: (SQLWrapper | undefined)[]) => SQL<unknown> | undefined; between: { <T>(column: Aliased<unknown>, min: SQLWrapper | T, max: SQLWrapper | T): SQL<unknown>; <TColumn extends AnyColumn>(column: TColumn, min: SQLWrapper | TColumn["_"]["data"], max: SQLWrapper | TColumn["_"]["data"]): SQL<unknown>; <T extends SQLWrapper>(column: Exclude<T, Column<ColumnBaseConfig<ColumnDataType, string>, object, object> | Aliased<unknown>>, min: unknown, max: unknown): SQL<unknown>; }; eq: BinaryOperator; exists: (subquery: SQLWrapper) => SQL<unknown>; gt: BinaryOperator; gte: BinaryOperator; ilike: (column: SQL<unknown> | Column<ColumnBaseConfig<ColumnDataType, string>, object, object> | Aliased<unknown>, value: string | SQLWrapper) => SQL<unknown>; inArray: { <T>(column: Aliased<T>, values: SQLWrapper | (Placeholder<string, any> | T)[]): SQL<unknown>; <TColumn extends Column>(column: TColumn, values: SQLWrapper | readonly (Placeholder<string, any> | TColumn["_"]["data"])[]): SQL<unknown>; <T extends SQLWrapper>(column: Exclude<T, Column<ColumnBaseConfig<ColumnDataType, string>, object, object> | Aliased<unknown>>, values: SQLWrapper | readonly unknown[]): SQL<unknown>; }; isNull: (value: SQLWrapper) => SQL<unknown>; isNotNull: (value: SQLWrapper) => SQL<unknown>; like: (column: SQL<unknown> | Column<ColumnBaseConfig<ColumnDataType, string>, object, object> | Aliased<unknown>, value: string | SQLWrapper) => SQL<unknown>; lt: BinaryOperator; lte: BinaryOperator; ne: BinaryOperator; not: (condition: SQLWrapper) => SQL<unknown>; notBetween: { <T>(column: Aliased<unknown>, min: SQLWrapper | T, max: SQLWrapper | T): SQL<unknown>; <TColumn extends AnyColumn>(column: TColumn, min: SQLWrapper | TColumn["_"]["data"], max: SQLWrapper | TColumn["_"]["data"]): SQL<unknown>; <T extends SQLWrapper>(column: Exclude<T, Column<ColumnBaseConfig<ColumnDataType, string>, object, object> | Aliased<unknown>>, min: unknown, max: unknown): SQL<unknown>; }; notExists: (subquery: SQLWrapper) => SQL<unknown>; notLike: (column: SQL<unknown> | Column<ColumnBaseConfig<ColumnDataType, string>, object, object> | Aliased<unknown>, value: string | SQLWrapper) => SQL<unknown>; notIlike: (column: SQL<unknown> | Column<ColumnBaseConfig<ColumnDataType, string>, object, object> | Aliased<unknown>, value: string | SQLWrapper) => SQL<unknown>; notInArray: { <T>(column: Aliased<T>, values: SQLWrapper | (Placeholder<string, any> | T)[]): SQL<unknown>; <TColumn extends Column>(column: TColumn, values: SQLWrapper | (Placeholder<string, any> | TColumn["_"]["data"])[]): SQL<unknown>; <T extends SQLWrapper>(column: Exclude<T, Column<ColumnBaseConfig<ColumnDataType, string>, object, object> | Aliased<unknown>>, values: SQLWrapper | unknown[]): SQL<unknown>; }; or: (...conditions: (SQLWrapper | undefined)[]) => SQL<unknown> | undefined; sql: typeof sql; }) => SQL<unknown>' is not assignable to type '(fields: { eventId: PgColumn<{ name: "event_id"; tableName: "discount_event_products"; dataType: "string"; columnType: "PgUUID"; data: string; driverParam: string; notNull: true; hasDefault: false; isPrimaryKey: false; isAutoincrement: false; hasRuntimeDefault: false; enumValues: undefined; baseColumn: never; identity: undefined; generated: undefined; }, {}, {}>; productId: PgColumn<{ name: "product_id"; tableName: "discount_event_products"; dataType: "string"; columnType: "PgUUID"; data: string; driverParam: string; notNull: true; hasDefault: false; isPrimaryKey: false; isAutoincrement: false; hasRuntimeDefault: false; enumValues: undefined; baseColumn: never; identity: undefined; generated: undefined; }, {}, {}>; discountPercentage: PgColumn<{ name: "discount_percentage"; tableName: "discount_event_products"; dataType: "number"; columnType: "PgInteger"; data: number; driverParam: string | number; notNull: true; hasDefault: true; isPrimaryKey: false; isAutoincrement: false; hasRuntimeDefault: false; enumValues: undefined; baseColumn: never; identity: undefined; generated: undefined; }, {}, {}>; stock: PgColumn<{ name: "stock"; tableName: "discount_event_products"; dataType: "number"; columnType: "PgInteger"; data: number; driverParam: string | number; notNull: true; hasDefault: true; isPrimaryKey: false; isAutoincrement: false; hasRuntimeDefault: false; enumValues: undefined; baseColumn: never; identity: undefined; generated: undefined; }, {}, {}>; createdAt: PgColumn<{ name: "created_at"; tableName: "discount_event_products"; dataType: "date"; columnType: "PgTimestamp"; data: Date; driverParam: string; notNull: true; hasDefault: true; isPrimaryKey: false; isAutoincrement: false; hasRuntimeDefault: false; enumValues: undefined; baseColumn: never; identity: undefined; generated: undefined; }, {}, {}>; updatedAt: PgColumn<{ name: "updated_at"; tableName: "discount_event_products"; dataType: "date"; columnType: "PgTimestamp"; data: Date; driverParam: string; notNull: true; hasDefault: true; isPrimaryKey: false; isAutoincrement: false; hasRuntimeDefault: false; enumValues: undefined; baseColumn: never; identity: undefined; generated: undefined; }, {}, {}>; }, operators: { and: (...conditions: (SQLWrapper | undefined)[]) => SQL<unknown> | undefined; between: { <T>(column: Aliased<unknown>, min: SQLWrapper | T, max: SQLWrapper | T): SQL<unknown>; <TColumn extends AnyColumn>(column: TColumn, min: SQLWrapper | TColumn["_"]["data"], max: SQLWrapper | TColumn["_"]["data"]): SQL<unknown>; <T extends SQLWrapper>(column: Exclude<T, Column<ColumnBaseConfig<ColumnDataType, string>, object, object> | Aliased<unknown>>, min: unknown, max: unknown): SQL<unknown>; }; eq: BinaryOperator; exists: (subquery: SQLWrapper) => SQL<unknown>; gt: BinaryOperator; gte: BinaryOperator; ilike: (column: SQL<unknown> | Column<ColumnBaseConfig<ColumnDataType, string>, object, object> | Aliased<unknown>, value: string | SQLWrapper) => SQL<unknown>; inArray: { <T>(column: Aliased<T>, values: SQLWrapper | (Placeholder<string, any> | T)[]): SQL<unknown>; <TColumn extends Column>(column: TColumn, values: SQLWrapper | readonly (Placeholder<string, any> | TColumn["_"]["data"])[]): SQL<unknown>; <T extends SQLWrapper>(column: Exclude<T, Column<ColumnBaseConfig<ColumnDataType, string>, object, object> | Aliased<unknown>>, values: SQLWrapper | readonly unknown[]): SQL<unknown>; }; isNull: (value: SQLWrapper) => SQL<unknown>; isNotNull: (value: SQLWrapper) => SQL<unknown>; like: (column: SQL<unknown> | Column<ColumnBaseConfig<ColumnDataType, string>, object, object> | Aliased<unknown>, value: string | SQLWrapper) => SQL<unknown>; lt: BinaryOperator; lte: BinaryOperator; ne: BinaryOperator; not: (condition: SQLWrapper) => SQL<unknown>; notBetween: { <T>(column: Aliased<unknown>, min: SQLWrapper | T, max: SQLWrapper | T): SQL<unknown>; <TColumn extends AnyColumn>(column: TColumn, min: SQLWrapper | TColumn["_"]["data"], max: SQLWrapper | TColumn["_"]["data"]): SQL<unknown>; <T extends SQLWrapper>(column: Exclude<T, Column<ColumnBaseConfig<ColumnDataType, string>, object, object> | Aliased<unknown>>, min: unknown, max: unknown): SQL<unknown>; }; notExists: (subquery: SQLWrapper) => SQL<unknown>; notLike: (column: SQL<unknown> | Column<ColumnBaseConfig<ColumnDataType, string>, object, object> | Aliased<unknown>, value: string | SQLWrapper) => SQL<unknown>; notIlike: (column: SQL<unknown> | Column<ColumnBaseConfig<ColumnDataType, string>, object, object> | Aliased<unknown>, value: string | SQLWrapper) => SQL<unknown>; notInArray: { <T>(column: Aliased<T>, values: SQLWrapper | (Placeholder<string, any> | T)[]): SQL<unknown>; <TColumn extends Column>(column: TColumn, values: SQLWrapper | (Placeholder<string, any> | TColumn["_"]["data"])[]): SQL<unknown>; <T extends SQLWrapper>(column: Exclude<T, Column<ColumnBaseConfig<ColumnDataType, string>, object, object> | Aliased<unknown>>, values: SQLWrapper | unknown[]): SQL<unknown>; }; or: (...conditions: (SQLWrapper | undefined)[]) => SQL<unknown> | undefined; sql: typeof sql; }) => SQL<unknown> | undefined'.
    Type 'import("D:/Code/my project/ecommerce/backend/node_modules/.pnpm/drizzle-orm@0.45.1_postgres@3.4.8/node_modules/drizzle-orm/sql/sql", { with: { "resolution-mode": "import" } }).SQL<unknown>' is not assignable to type 'import("D:/Code/my project/ecommerce/backend/node_modules/.pnpm/drizzle-orm@0.45.1_postgres@3.4.8/node_modules/drizzle-orm/sql/sql").SQL<unknown>'.
      Types have separate declarations of a private property 'shouldInlineParams'.
src/module/product/product.service.ts(563,18): error TS2769: No overload matches this call.
  Overload 1 of 3, '(left: Column<ColumnBaseConfig<ColumnDataType, string>, object, object>, right: unknown): SQL<unknown>', gave the following error.
    Argument of type 'PgColumn<{ name: "stock"; tableName: "discount_event_products"; dataType: "number"; columnType: "PgInteger"; data: number; driverParam: string | number; notNull: true; hasDefault: true; isPrimaryKey: false; isAutoincrement: false; hasRuntimeDefault: false; enumValues: undefined; baseColumn: never; identity: undefined; generated: undefined; }, {}, {}>' is not assignable to parameter of type 'Column<ColumnBaseConfig<ColumnDataType, string>, object, object>'.
      The types of 'table._.config.columns' are incompatible between these types.
        Type 'Record<string, PgColumn<ColumnBaseConfig<ColumnDataType, string>, {}, {}>>' is not assignable to type 'Record<string, Column<any, object, object>>'.
          'string' index signatures are incompatible.
            Type 'PgColumn<ColumnBaseConfig<ColumnDataType, string>, {}, {}>' is not assignable to type 'Column<any, object, object>'.
              Property 'config' is protected but type 'Column<T, TRuntimeConfig, TTypeConfig>' is not a class derived from 'Column<T, TRuntimeConfig, TTypeConfig>'.
  Overload 2 of 3, '(left: Aliased<number>, right: number | SQLWrapper): SQL<unknown>', gave the following error.
    Argument of type 'PgColumn<{ name: "stock"; tableName: "discount_event_products"; dataType: "number"; columnType: "PgInteger"; data: number; driverParam: string | number; notNull: true; hasDefault: true; isPrimaryKey: false; isAutoincrement: false; hasRuntimeDefault: false; enumValues: undefined; baseColumn: never; identity: undefined; generated: undefined; }, {}, {}>' is not assignable to parameter of type 'Aliased<number>'.
      Type 'PgColumn<{ name: "stock"; tableName: "discount_event_products"; dataType: "number"; columnType: "PgInteger"; data: number; driverParam: string | number; notNull: true; hasDefault: true; isPrimaryKey: false; isAutoincrement: false; hasRuntimeDefault: false; enumValues: undefined; baseColumn: never; identity: undefined; generated: undefined; }, {}, {}>' is missing the following properties from type 'Aliased<number>': sql, fieldAlias
  Overload 3 of 3, '(left: SQLWrapper, right: unknown): SQL<unknown>', gave the following error.
    Argument of type 'PgColumn<{ name: "stock"; tableName: "discount_event_products"; dataType: "number"; columnType: "PgInteger"; data: number; driverParam: string | number; notNull: true; hasDefault: true; isPrimaryKey: false; isAutoincrement: false; hasRuntimeDefault: false; enumValues: undefined; baseColumn: never; identity: undefined; generated: undefined; }, {}, {}>' is not assignable to parameter of type 'SQLWrapper'.
      The types returned by 'getSQL()' are incompatible between these types.
        Type 'import("D:/Code/my project/ecommerce/backend/node_modules/.pnpm/drizzle-orm@0.45.1_postgres@3.4.8/node_modules/drizzle-orm/sql/sql").SQL<unknown>' is not assignable to type 'import("D:/Code/my project/ecommerce/backend/node_modules/.pnpm/drizzle-orm@0.45.1_postgres@3.4.8/node_modules/drizzle-orm/sql/sql", { with: { "resolution-mode": "import" } }).SQL<unknown>'.
          Types have separate declarations of a private property 'shouldInlineParams'.
src/module/product/product.service.ts(566,17): error TS2353: Object literal may only specify known properties, and 'where' does not exist in type '{ columns?: { id?: boolean | undefined; name?: boolean | undefined; description?: boolean | undefined; startDate?: boolean | undefined; groupId?: boolean | undefined; endDate?: boolean | undefined; isActive?: boolean | undefined; createdAt?: boolean | undefined; updatedAt?: boolean | undefined; } | undefined; with?: { group?: true | { columns?: { id?: boolean | undefined; name?: boolean | undefined; description?: boolean | undefined; order?: boolean | undefined; bannerImage?: boolean | undefined; isActive?: boolean | undefined; startDate?: boolean | undefined; endDate?: boolean | undefined; createdAt?: boolean | undefined; updatedAt?: boolean | undefined; } | undefined; with?: { events?: true | DBQueryConfig<"many", false, ExtractTablesWithRelations<typeof import("D:/Code/my project/ecommerce/backend/src/database/schema")>, { tsName: "discount_events"; dbName: "discount_events"; columns: { id: PgColumn<{ name: "id"; tableName: "discount_events"; dataType: "string"; columnType: "PgUUID"; data: string; driverParam: string; notNull: true; hasDefault: true; isPrimaryKey: true; isAutoincrement: false; hasRuntimeDefault: false; enumValues: undefined; baseColumn: never; identity: undefined; generated: undefined; }, {}, {}>; name: PgColumn<{ name: "name"; tableName: "discount_events"; dataType: "string"; columnType: "PgText"; data: string; driverParam: string; notNull: true; hasDefault: false; isPrimaryKey: false; isAutoincrement: false; hasRuntimeDefault: false; enumValues: [string, ...string[]]; baseColumn: never; identity: undefined; generated: undefined; }, {}, {}>; description: PgColumn<{ name: "description"; tableName: "discount_events"; dataType: "string"; columnType: "PgText"; data: string; driverParam: string; notNull: false; hasDefault: false; isPrimaryKey: false; isAutoincrement: false; hasRuntimeDefault: false; enumValues: [string, ...string[]]; baseColumn: never; identity: undefined; generated: undefined; }, {}, {}>; startDate: PgColumn<{ name: "start_date"; tableName: "discount_events"; dataType: "date"; columnType: "PgTimestamp"; data: Date; driverParam: string; notNull: true; hasDefault: false; isPrimaryKey: false; isAutoincrement: false; hasRuntimeDefault: false; enumValues: undefined; baseColumn: never; identity: undefined; generated: undefined; }, {}, {}>; groupId: PgColumn<{ name: "group_id"; tableName: "discount_events"; dataType: "string"; columnType: "PgUUID"; data: string; driverParam: string; notNull: false; hasDefault: false; isPrimaryKey: false; isAutoincrement: false; hasRuntimeDefault: false; enumValues: undefined; baseColumn: never; identity: undefined; generated: undefined; }, {}, {}>; endDate: PgColumn<{ name: "end_date"; tableName: "discount_events"; dataType: "date"; columnType: "PgTimestamp"; data: Date; driverParam: string; notNull: false; hasDefault: false; isPrimaryKey: false; isAutoincrement: false; hasRuntimeDefault: false; enumValues: undefined; baseColumn: never; identity: undefined; generated: undefined; }, {}, {}>; isActive: PgColumn<{ name: "is_active"; tableName: "discount_events"; dataType: "boolean"; columnType: "PgBoolean"; data: boolean; driverParam: boolean; notNull: true; hasDefault: true; isPrimaryKey: false; isAutoincrement: false; hasRuntimeDefault: false; enumValues: undefined; baseColumn: never; identity: undefined; generated: undefined; }, {}, {}>; createdAt: PgColumn<{ name: "created_at"; tableName: "discount_events"; dataType: "date"; columnType: "PgTimestamp"; data: Date; driverParam: string; notNull: true; hasDefault: true; isPrimaryKey: false; isAutoincrement: false; hasRuntimeDefault: false; enumValues: undefined; baseColumn: never; identity: undefined; generated: undefined; }, {}, {}>; updatedAt: PgColumn<{ name: "updated_at"; tableName: "discount_events"; dataType: "date"; columnType: "PgTimestamp"; data: Date; driverParam: string; notNull: true; hasDefault: true; isPrimaryKey: false; isAutoincrement: false; hasRuntimeDefault: false; enumValues: undefined; baseColumn: never; identity: undefined; generated: undefined; }, {}, {}>; }; relations: { group: One<"discount_events_groups", false>; products: Many<"discount_event_products">; }; primaryKey: AnyColumn[]; }> | undefined; } | undefined; extras?: Record<string, Aliased<unknown>> | ((fields: { id: PgColumn<{ name: "id"; tableName: "discount_events_groups"; dataType: "string"; columnType: "PgUUID"; data: string; driverParam: string; notNull: true; hasDefault: true; isPrimaryKey: true; isAutoincrement: false; hasRuntimeDefault: false; enumValues: undefined; baseColumn: never; identity: undefined; generated: undefined; }, {}, {}>; name: PgColumn<{ name: "name"; tableName: "discount_events_groups"; dataType: "string"; columnType: "PgText"; data: string; driverParam: string; notNull: true; hasDefault: false; isPrimaryKey: false; isAutoincrement: false; hasRuntimeDefault: false; enumValues: [string, ...string[]]; baseColumn: never; identity: undefined; generated: undefined; }, {}, {}>; description: PgColumn<{ name: "description"; tableName: "discount_events_groups"; dataType: "string"; columnType: "PgText"; data: string; driverParam: string; notNull: false; hasDefault: false; isPrimaryKey: false; isAutoincrement: false; hasRuntimeDefault: false; enumValues: [string, ...string[]]; baseColumn: never; identity: undefined; generated: undefined; }, {}, {}>; order: PgColumn<{ name: "order"; tableName: "discount_events_groups"; dataType: "number"; columnType: "PgInteger"; data: number; driverParam: string | number; notNull: false; hasDefault: false; isPrimaryKey: false; isAutoincrement: false; hasRuntimeDefault: false; enumValues: undefined; baseColumn: never; identity: undefined; generated: undefined; }, {}, {}>; bannerImage: PgColumn<{ name: "banner_image"; tableName: "discount_events_groups"; dataType: "string"; columnType: "PgText"; data: string; driverParam: string; notNull: false; hasDefault: false; isPrimaryKey: false; isAutoincrement: false; hasRuntimeDefault: false; enumValues: [string, ...string[]]; baseColumn: never; identity: undefined; generated: undefined; }, {}, {}>; isActive: PgColumn<{ name: "is_active"; tableName: "discount_events_groups"; dataType: "boolean"; columnType: "PgBoolean"; data: boolean; driverParam: boolean; notNull: true; hasDefault: true; isPrimaryKey: false; isAutoincrement: false; hasRuntimeDefault: false; enumValues: undefined; baseColumn: never; identity: undefined; generated: undefined; }, {}, {}>; startDate: PgColumn<{ name: "start_date"; tableName: "discount_events_groups"; dataType: "date"; columnType: "PgTimestamp"; data: Date; driverParam: string; notNull: true; hasDefault: false; isPrimaryKey: false; isAutoincrement: false; hasRuntimeDefault: false; enumValues: undefined; baseColumn: never; identity: undefined; generated: undefined; }, {}, {}>; endDate: PgColumn<{ name: "end_date"; tableName: "discount_events_groups"; dataType: "date"; columnType: "PgTimestamp"; data: Date; driverParam: string; notNull: true; hasDefault: false; isPrimaryKey: false; isAutoincrement: false; hasRuntimeDefault: false; enumValues: undefined; baseColumn: never; identity: undefined; generated: undefined; }, {}, {}>; createdAt: PgColumn<{ name: "created_at"; tableName: "discount_events_groups"; dataType: "date"; columnType: "PgTimestamp"; data: Date; driverParam: string; notNull: true; hasDefault: true; isPrimaryKey: false; isAutoincrement: false; hasRuntimeDefault: false; enumValues: undefined; baseColumn: never; identity: undefined; generated: undefined; }, {}, {}>; updatedAt: PgColumn<{ name: "updated_at"; tableName: "discount_events_groups"; dataType: "date"; columnType: "PgTimestamp"; data: Date; driverParam: string; notNull: true; hasDefault: true; isPrimaryKey: false; isAutoincrement: false; hasRuntimeDefault: false; enumValues: undefined; baseColumn: never; identity: undefined; generated: undefined; }, {}, {}>; }, operators: { sql: typeof sql; }) => Record<string, Aliased<unknown>>) | undefined; } | undefined; products?: true | DBQueryConfig<"many", false, ExtractTablesWithRelations<typeof import("D:/Code/my project/ecommerce/backend/src/database/schema")>, { tsName: "discount_event_products"; dbName: "discount_event_products"; columns: { eventId: PgColumn<{ name: "event_id"; tableName: "discount_event_products"; dataType: "string"; columnType: "PgUUID"; data: string; driverParam: string; notNull: true; hasDefault: false; isPrimaryKey: false; isAutoincrement: false; hasRuntimeDefault: false; enumValues: undefined; baseColumn: never; identity: undefined; generated: undefined; }, {}, {}>; productId: PgColumn<{ name: "product_id"; tableName: "discount_event_products"; dataType: "string"; columnType: "PgUUID"; data: string; driverParam: string; notNull: true; hasDefault: false; isPrimaryKey: false; isAutoincrement: false; hasRuntimeDefault: false; enumValues: undefined; baseColumn: never; identity: undefined; generated: undefined; }, {}, {}>; discountPercentage: PgColumn<{ name: "discount_percentage"; tableName: "discount_event_products"; dataType: "number"; columnType: "PgInteger"; data: number; driverParam: string | number; notNull: true; hasDefault: true; isPrimaryKey: false; isAutoincrement: false; hasRuntimeDefault: false; enumValues: undefined; baseColumn: never; identity: undefined; generated: undefined; }, {}, {}>; stock: PgColumn<{ name: "stock"; tableName: "discount_event_products"; dataType: "number"; columnType: "PgInteger"; data: number; driverParam: string | number; notNull: true; hasDefault: true; isPrimaryKey: false; isAutoincrement: false; hasRuntimeDefault: false; enumValues: undefined; baseColumn: never; identity: undefined; generated: undefined; }, {}, {}>; createdAt: PgColumn<{ name: "created_at"; tableName: "discount_event_products"; dataType: "date"; columnType: "PgTimestamp"; data: Date; driverParam: string; notNull: true; hasDefault: true; isPrimaryKey: false; isAutoincrement: false; hasRuntimeDefault: false; enumValues: undefined; baseColumn: never; identity: undefined; generated: undefined; }, {}, {}>; updatedAt: PgColumn<{ name: "updated_at"; tableName: "discount_event_products"; dataType: "date"; columnType: "PgTimestamp"; data: Date; driverParam: string; notNull: true; hasDefault: true; isPrimaryKey: false; isAutoincrement: false; hasRuntimeDefault: false; enumValues: undefined; baseColumn: never; identity: undefined; generated: undefined; }, {}, {}>; }; relations: { event: One<"discount_events", true>; product: One<"products", true>; }; primaryKey: AnyColumn[]; }> | undefined; } | undefined; extras?: Record<string, Aliased<unknown>> | ((fields: { id: PgColumn<{ name: "id"; tableName: "discount_events"; dataType: "string"; columnType: "PgUUID"; data: string; driverParam: string; notNull: true; hasDefault: true; isPrimaryKey: true; isAutoincrement: false; hasRuntimeDefault: false; enumValues: undefined; baseColumn: never; identity: undefined; generated: undefined; }, {}, {}>; name: PgColumn<{ name: "name"; tableName: "discount_events"; dataType: "string"; columnType: "PgText"; data: string; driverParam: string; notNull: true; hasDefault: false; isPrimaryKey: false; isAutoincrement: false; hasRuntimeDefault: false; enumValues: [string, ...string[]]; baseColumn: never; identity: undefined; generated: undefined; }, {}, {}>; description: PgColumn<{ name: "description"; tableName: "discount_events"; dataType: "string"; columnType: "PgText"; data: string; driverParam: string; notNull: false; hasDefault: false; isPrimaryKey: false; isAutoincrement: false; hasRuntimeDefault: false; enumValues: [string, ...string[]]; baseColumn: never; identity: undefined; generated: undefined; }, {}, {}>; startDate: PgColumn<{ name: "start_date"; tableName: "discount_events"; dataType: "date"; columnType: "PgTimestamp"; data: Date; driverParam: string; notNull: true; hasDefault: false; isPrimaryKey: false; isAutoincrement: false; hasRuntimeDefault: false; enumValues: undefined; baseColumn: never; identity: undefined; generated: undefined; }, {}, {}>; groupId: PgColumn<{ name: "group_id"; tableName: "discount_events"; dataType: "string"; columnType: "PgUUID"; data: string; driverParam: string; notNull: false; hasDefault: false; isPrimaryKey: false; isAutoincrement: false; hasRuntimeDefault: false; enumValues: undefined; baseColumn: never; identity: undefined; generated: undefined; }, {}, {}>; endDate: PgColumn<{ name: "end_date"; tableName: "discount_events"; dataType: "date"; columnType: "PgTimestamp"; data: Date; driverParam: string; notNull: false; hasDefault: false; isPrimaryKey: false; isAutoincrement: false; hasRuntimeDefault: false; enumValues: undefined; baseColumn: never; identity: undefined; generated: undefined; }, {}, {}>; isActive: PgColumn<{ name: "is_active"; tableName: "discount_events"; dataType: "boolean"; columnType: "PgBoolean"; data: boolean; driverParam: boolean; notNull: true; hasDefault: true; isPrimaryKey: false; isAutoincrement: false; hasRuntimeDefault: false; enumValues: undefined; baseColumn: never; identity: undefined; generated: undefined; }, {}, {}>; createdAt: PgColumn<{ name: "created_at"; tableName: "discount_events"; dataType: "date"; columnType: "PgTimestamp"; data: Date; driverParam: string; notNull: true; hasDefault: true; isPrimaryKey: false; isAutoincrement: false; hasRuntimeDefault: false; enumValues: undefined; baseColumn: never; identity: undefined; generated: undefined; }, {}, {}>; updatedAt: PgColumn<{ name: "updated_at"; tableName: "discount_events"; dataType: "date"; columnType: "PgTimestamp"; data: Date; driverParam: string; notNull: true; hasDefault: true; isPrimaryKey: false; isAutoincrement: false; hasRuntimeDefault: false; enumValues: undefined; baseColumn: never; identity: undefined; generated: undefined; }, {}, {}>; }, operators: { sql: typeof sql; }) => Record<string, Aliased<unknown>>) | undefined; }'.
src/module/product/product.service.ts(600,7): error TS2322: Type '{ categorySlug: any; id: string; name: string; isDeleted: boolean | null; createdAt: Date; updatedAt: Date; description: any; slug: string; categoryId: string; brandId: string | null; seoMetadata: { title?: string | undefined; description?: string | undefined; keywords?: string[] | undefined; ogImage?: string | undefined; } | null; }[]' is not assignable to type '{ id: string; name: string; isDeleted: boolean | null; slug: string; categoryId: string; brandId: string | null; seoMetadata: { title?: string | undefined; description?: string | undefined; keywords?: string[] | undefined; ogImage?: string | undefined; } | null; images: { url: string; isMain: boolean; }[]; variants: { sku: string; price: number; }[]; categorySlug: string; }[]'.
  Type '{ categorySlug: any; id: string; name: string; isDeleted: boolean | null; createdAt: Date; updatedAt: Date; description: any; slug: string; categoryId: string; brandId: string | null; seoMetadata: { title?: string | undefined; description?: string | undefined; keywords?: string[] | undefined; ogImage?: string | undefined; } | null; }' is missing the following properties from type '{ id: string; name: string; isDeleted: boolean | null; slug: string; categoryId: string; brandId: string | null; seoMetadata: { title?: string | undefined; description?: string | undefined; keywords?: string[] | undefined; ogImage?: string | undefined; } | null; images: { url: string; isMain: boolean; }[]; variants: { sku: string; price: number; }[]; categorySlug: string; }': images, variants
src/module/product/product.service.ts(600,25): error TS2339: Property 'category' does not exist on type '{ id: string; name: string; isDeleted: boolean | null; createdAt: Date; updatedAt: Date; description: any; slug: string; categoryId: string; brandId: string | null; seoMetadata: { title?: string | undefined; description?: string | undefined; keywords?: string[] | undefined; ogImage?: string | undefined; } | null; }'.
